---
source: crates/chatters-lib/src/tui/list.rs
expression: terminal.backend()
---
"a                   "
"b                   "
"c                   "
"1                   "
"2                   "
"3                   "
"4                   "
"5                   "
"6                   "
"7                   "
