---
source: crates/chatters-lib/src/tui/list.rs
expression: terminal.backend()
---
"10                  "
"11                  "
"12                  "
"13                  "
"14                  "
"15                  "
"16                  "
"17                  "
"18                  "
"19                  "
