---
source: crates/chatters-lib/src/commands.rs
expression: "complete_from_list(\"foo\", &list)"
---
[
    Completion {
        display: "foo",
        append: "",
    },
]
