---
source: crates/chatters-lib/src/keybinds.rs
expression: "KeyEvent::from_str(\"<c-a>\")"
---
Ok(
    KeyEvent {
        code: Char(
            'a',
        ),
        modifiers: KeyModifiers(
            CONTROL,
        ),
    },
)
