---
source: crates/chatters-lib/src/commands.rs
expression: "complete_from_list(\"f\", &list)"
---
[
    Completion {
        display: "foo",
        append: "oo",
    },
]
