---
source: crates/chatters-lib/src/commands.rs
expression: "IndexOrString::from_str(\"12/test/\")"
---
Ok(
    Str(
        "12/test/",
    ),
)
